Mar 31 18:00:01 ubuntu CRON[49453]: pam_unix(cron:session): session opened for user smmsp by (uid=0)
Mar 31 18:01:01 ubuntu CRON[49453]: pam_unix(cron:session): session closed for user smmsp
Mar 31 18:05:44 ubuntu sshd[49473]: Received disconnect from 115.231.222.45: 11:  [preauth]
Mar 31 18:09:01 ubuntu CRON[49477]: pam_unix(cron:session): session opened for user root by (uid=0)
Mar 31 18:09:01 ubuntu CRON[49477]: pam_unix(cron:session): session closed for user root
Mar 31 18:17:01 ubuntu CRON[49489]: pam_unix(cron:session): session opened for user root by (uid=0)
Mar 31 18:17:01 ubuntu CRON[49489]: pam_unix(cron:session): session closed for user root
Mar 31 18:20:01 ubuntu CRON[49493]: pam_unix(cron:session): session opened for user smmsp by (uid=0)
Mar 31 18:21:02 ubuntu CRON[49493]: pam_unix(cron:session): session closed for user smmsp
Mar 31 18:39:01 ubuntu CRON[49515]: pam_unix(cron:session): session opened for user root by (uid=0)
Mar 31 18:39:01 ubuntu CRON[49515]: pam_unix(cron:session): session closed for user root
Mar 31 18:40:01 ubuntu CRON[49528]: pam_unix(cron:session): session opened for user smmsp by (uid=0)
Mar 31 18:41:01 ubuntu CRON[49528]: pam_unix(cron:session): session closed for user smmsp
Mar 31 19:00:01 ubuntu CRON[49551]: pam_unix(cron:session): session opened for user smmsp by (uid=0)
Mar 31 19:01:01 ubuntu CRON[49551]: pam_unix(cron:session): session closed for user smmsp
Mar 31 19:09:01 ubuntu CRON[49572]: pam_unix(cron:session): session opened for user root by (uid=0)
Mar 31 19:09:01 ubuntu CRON[49572]: pam_unix(cron:session): session closed for user root
Mar 31 19:09:57 ubuntu sshd[49584]: reverse mapping checking getaddrinfo for 23.30.65.218.broad.xy.jx.dynamic.163data.com.cn [218.65.30.23] failed - POSSIBLE BREAK-IN ATTEMPT!
Mar 31 19:09:58 ubuntu sshd[49584]: Received disconnect from 218.65.30.23: 11:  [preauth]
Mar 31 19:17:01 ubuntu CRON[49587]: pam_unix(cron:session): session opened for user root by (uid=0)
Mar 31 19:17:01 ubuntu CRON[49587]: pam_unix(cron:session): session closed for user root
Mar 31 19:18:28 ubuntu sshd[49591]: Received disconnect from 115.239.230.133: 11:  [preauth]
Mar 31 19:20:01 ubuntu CRON[49594]: pam_unix(cron:session): session opened for user smmsp by (uid=0)
Mar 31 19:21:01 ubuntu CRON[49594]: pam_unix(cron:session): session closed for user smmsp
Mar 31 19:39:01 ubuntu CRON[49617]: pam_unix(cron:session): session opened for user root by (uid=0)
Mar 31 19:39:01 ubuntu CRON[49617]: pam_unix(cron:session): session closed for user root
Mar 31 19:39:24 ubuntu sshd[49629]: Received disconnect from 115.231.222.45: 11:  [preauth]
Mar 31 19:40:01 ubuntu CRON[49631]: pam_unix(cron:session): session opened for user smmsp by (uid=0)
Mar 31 19:41:01 ubuntu CRON[49631]: pam_unix(cron:session): session closed for user smmsp
Mar 31 19:56:43 ubuntu sshd[49653]: Received disconnect from 115.230.124.202: 11:  [preauth]
Mar 31 20:00:01 ubuntu CRON[49656]: pam_unix(cron:session): session opened for user smmsp by (uid=0)
Mar 31 20:01:01 ubuntu CRON[49656]: pam_unix(cron:session): session closed for user smmsp
Mar 31 20:09:01 ubuntu CRON[49677]: pam_unix(cron:session): session opened for user root by (uid=0)
Mar 31 20:09:01 ubuntu CRON[49677]: pam_unix(cron:session): session closed for user root
Mar 31 20:13:57 ubuntu sshd[49690]: Received disconnect from 115.239.230.136: 11:  [preauth]
Mar 31 20:17:01 ubuntu CRON[49693]: pam_unix(cron:session): session opened for user root by (uid=0)
Mar 31 20:17:01 ubuntu CRON[49693]: pam_unix(cron:session): session closed for user root
Mar 31 20:20:01 ubuntu CRON[49697]: pam_unix(cron:session): session opened for user smmsp by (uid=0)
Mar 31 20:21:01 ubuntu CRON[49697]: pam_unix(cron:session): session closed for user smmsp
Mar 31 20:27:14 ubuntu sshd[49717]: Received disconnect from 182.100.67.115: 11:  [preauth]
Mar 31 20:32:39 ubuntu sshd[49720]: Received disconnect from 115.230.124.208: 11:  [preauth]
Mar 31 20:39:01 ubuntu CRON[49724]: pam_unix(cron:session): session opened for user root by (uid=0)
Mar 31 20:39:01 ubuntu CRON[49724]: pam_unix(cron:session): session closed for user root
Mar 31 20:40:01 ubuntu CRON[49737]: pam_unix(cron:session): session opened for user smmsp by (uid=0)
Mar 31 20:41:01 ubuntu CRON[49737]: pam_unix(cron:session): session closed for user smmsp
                                                                                                                                                                   1293,1        13%
